[
  {
    "name": "case1",
    "input": {
      "fields": {
        "Reader": {
          "status": "INIT"
        }
      },
      "params": {
        "Reader": {
          "key": 1
        }
      }
    },
    "allowed": [
      {
        "fields": {
          "Reader": {
            "status": "DONE"
          }
        },
        "params": {
          "Reader": {
            "key": 1
          }
        }
      }
    ]
  }
]